// Bun Snapshot v1, https://bun.sh/docs/test/snapshots

exports[`subgraphs honor independent directions and reserve non-overlapping title bands 1`] = `
{
  "accessibilityLabel": "flowchart diagram, 5 nodes, 4 edges, 0 events",
  "bounds": {
    "height": 414.736,
    "width": 458.0640000000001,
    "x": 0,
    "y": 0,
  },
  "kind": "flowchart",
  "primitives": [
    {
      "fill": "clusterFill",
      "height": 286.336,
      "id": "outer",
      "shape": "round",
      "stroke": "clusterStroke",
      "strokeRole": "frame",
      "type": "shape",
      "width": 418.0640000000001,
      "x": 20,
      "y": 108.4,
    },
    {
      "color": "clusterText",
      "fontSize": 15.120000000000001,
      "fontWeight": 600,
      "height": 21.168,
      "lineRuns": [
        [
          {
            "text": "Title reserve",
          },
        ],
      ],
      "text": "Title reserve",
      "type": "text",
      "width": 117.93600000000002,
      "x": 30,
      "y": 118.4,
    },
    {
      "fill": "clusterFill",
      "height": 209.168,
      "id": "inner",
      "shape": "round",
      "stroke": "clusterStroke",
      "strokeRole": "frame",
      "type": "shape",
      "width": 148.86400000000003,
      "x": 269.20000000000005,
      "y": 165.56800000000004,
    },
    {
      "color": "clusterText",
      "fontSize": 15.120000000000001,
      "fontWeight": 600,
      "height": 21.168,
      "lineRuns": [
        [
          {
            "text": "Nested title",
          },
        ],
      ],
      "text": "Nested title",
      "type": "text",
      "width": 108.86400000000002,
      "x": 279.20000000000005,
      "y": 175.56800000000004,
    },
    {
      "dash": undefined,
      "end": "arrow",
      "points": [
        {
          "x": 114,
          "y": 270.15200000000004,
        },
        {
          "x": 136.4,
          "y": 270.15200000000004,
        },
        {
          "x": 158.8,
          "y": 270.15200000000004,
        },
      ],
      "semantic": {
        "from": "A",
        "id": "A->B#0",
        "kind": "edge",
        "part": "body",
        "role": "connection",
        "to": "B",
      },
      "smooth": true,
      "start": "none",
      "stroke": undefined,
      "strokeRole": "edge",
      "strokeWidth": undefined,
      "type": "path",
    },
    {
      "dash": undefined,
      "end": "arrow",
      "points": [
        {
          "x": 343.63200000000006,
          "y": 266.336,
        },
        {
          "x": 343.63200000000006,
          "y": 288.736,
        },
        {
          "x": 343.63200000000006,
          "y": 311.136,
        },
      ],
      "semantic": {
        "from": "C",
        "id": "C->D#0",
        "kind": "edge",
        "part": "body",
        "role": "connection",
        "to": "D",
      },
      "smooth": true,
      "start": "none",
      "stroke": undefined,
      "strokeRole": "edge",
      "strokeWidth": undefined,
      "type": "path",
    },
    {
      "dash": undefined,
      "end": "arrow",
      "points": [
        {
          "x": 224.40000000000003,
          "y": 270.15200000000004,
        },
        {
          "x": 246.8,
          "y": 270.15200000000004,
        },
        {
          "x": 306.63200000000006,
          "y": 254.32400396563122,
        },
      ],
      "semantic": {
        "from": "B",
        "id": "B->C#0",
        "kind": "edge",
        "part": "body",
        "role": "connection",
        "to": "C",
      },
      "smooth": true,
      "start": "none",
      "stroke": undefined,
      "strokeRole": "edge",
      "strokeWidth": undefined,
      "type": "path",
    },
    {
      "dash": undefined,
      "end": "arrow",
      "points": [
        {
          "x": 229.03200000000004,
          "y": 63.599999999999994,
        },
        {
          "x": 229.03200000000004,
          "y": 86,
        },
        {
          "x": 229.03200000000004,
          "y": 108.4,
        },
      ],
      "semantic": {
        "from": "Z",
        "id": "Z->outer#0",
        "kind": "edge",
        "part": "body",
        "role": "connection",
        "to": "outer",
      },
      "smooth": true,
      "start": "none",
      "stroke": undefined,
      "strokeRole": "edge",
      "strokeWidth": undefined,
      "type": "path",
    },
    {
      "height": 43.599999999999994,
      "id": "A",
      "semantic": {
        "id": "A",
        "kind": "node",
        "part": "body",
        "role": "node",
      },
      "shape": "rect",
      "strokeRole": "node",
      "type": "shape",
      "width": 74,
      "x": 40,
      "y": 248.35200000000003,
    },
    {
      "color": undefined,
      "fontSize": 14,
      "height": 19.599999999999998,
      "lineRuns": [
        [
          {
            "text": "Alpha",
          },
        ],
      ],
      "semantic": {
        "id": "A",
        "kind": "node",
        "part": "label",
        "role": "node",
      },
      "text": "Alpha",
      "type": "text",
      "width": 42,
      "x": 56,
      "y": 260.35200000000003,
    },
    {
      "height": 43.599999999999994,
      "id": "B",
      "semantic": {
        "id": "B",
        "kind": "node",
        "part": "body",
        "role": "node",
      },
      "shape": "rect",
      "strokeRole": "node",
      "type": "shape",
      "width": 65.6,
      "x": 158.8,
      "y": 248.35200000000003,
    },
    {
      "color": undefined,
      "fontSize": 14,
      "height": 19.599999999999998,
      "lineRuns": [
        [
          {
            "text": "Beta",
          },
        ],
      ],
      "semantic": {
        "id": "B",
        "kind": "node",
        "part": "label",
        "role": "node",
      },
      "text": "Beta",
      "type": "text",
      "width": 33.6,
      "x": 174.8,
      "y": 260.35200000000003,
    },
    {
      "height": 43.599999999999994,
      "id": "C",
      "semantic": {
        "id": "C",
        "kind": "node",
        "part": "body",
        "role": "node",
      },
      "shape": "rect",
      "strokeRole": "node",
      "type": "shape",
      "width": 74,
      "x": 306.63200000000006,
      "y": 222.736,
    },
    {
      "color": undefined,
      "fontSize": 14,
      "height": 19.599999999999998,
      "lineRuns": [
        [
          {
            "text": "Gamma",
          },
        ],
      ],
      "semantic": {
        "id": "C",
        "kind": "node",
        "part": "label",
        "role": "node",
      },
      "text": "Gamma",
      "type": "text",
      "width": 42,
      "x": 322.63200000000006,
      "y": 234.736,
    },
    {
      "height": 43.599999999999994,
      "id": "D",
      "semantic": {
        "id": "D",
        "kind": "node",
        "part": "body",
        "role": "node",
      },
      "shape": "rect",
      "strokeRole": "node",
      "type": "shape",
      "width": 74,
      "x": 306.63200000000006,
      "y": 311.136,
    },
    {
      "color": undefined,
      "fontSize": 14,
      "height": 19.599999999999998,
      "lineRuns": [
        [
          {
            "text": "Delta",
          },
        ],
      ],
      "semantic": {
        "id": "D",
        "kind": "node",
        "part": "label",
        "role": "node",
      },
      "text": "Delta",
      "type": "text",
      "width": 42,
      "x": 322.63200000000006,
      "y": 323.136,
    },
    {
      "height": 43.599999999999994,
      "id": "Z",
      "semantic": {
        "id": "Z",
        "kind": "node",
        "part": "body",
        "role": "node",
      },
      "shape": "rect",
      "strokeRole": "node",
      "type": "shape",
      "width": 49,
      "x": 204.53200000000004,
      "y": 20,
    },
    {
      "color": undefined,
      "fontSize": 14,
      "height": 19.599999999999998,
      "lineRuns": [
        [
          {
            "text": "Z",
          },
        ],
      ],
      "semantic": {
        "id": "Z",
        "kind": "node",
        "part": "label",
        "role": "node",
      },
      "text": "Z",
      "type": "text",
      "width": 8.4,
      "x": 224.83200000000005,
      "y": 32,
    },
  ],
}
`;

exports[`state compound endpoints, fork/join and inline/multiline notes lay out 1`] = `
{
  "ir": {
    "clusters": [
      {
        "id": "Running",
        "label": "Running",
        "parent": undefined,
      },
    ],
    "direction": "TB",
    "edges": [
      {
        "dashed": false,
        "end": "arrow",
        "from": "start-0",
        "label": "",
        "start": "none",
        "to": "Running",
      },
      {
        "dashed": false,
        "end": "arrow",
        "from": "f",
        "label": "",
        "start": "none",
        "to": "A",
      },
      {
        "dashed": false,
        "end": "arrow",
        "from": "f",
        "label": "",
        "start": "none",
        "to": "B",
      },
      {
        "dashed": false,
        "end": "arrow",
        "from": "A",
        "label": "",
        "start": "none",
        "to": "j",
      },
      {
        "dashed": false,
        "end": "arrow",
        "from": "B",
        "label": "",
        "start": "none",
        "to": "j",
      },
      {
        "dashed": false,
        "end": "arrow",
        "from": "Running",
        "label": "",
        "start": "none",
        "to": "end-1",
      },
    ],
    "events": [
      {
        "flags": [
          "right",
        ],
        "from": "Running",
        "label": "external",
        "type": "state-note",
      },
      {
        "flags": [
          "left",
        ],
        "from": "A",
        "label": 
"line one
line two"
,
        "type": "state-note",
      },
    ],
    "nodes": [
      {
        "id": "start-0",
        "label": "",
        "parent": undefined,
        "role": "start",
        "shape": "circle",
      },
      {
        "id": "f",
        "label": "",
        "parent": "Running",
        "role": "fork",
        "shape": "rect",
      },
      {
        "id": "j",
        "label": "",
        "parent": "Running",
        "role": "join",
        "shape": "rect",
      },
      {
        "id": "A",
        "label": "A",
        "parent": "Running",
        "shape": "rect",
      },
      {
        "id": "B",
        "label": "B",
        "parent": "Running",
        "shape": "rect",
      },
      {
        "id": "end-1",
        "label": "",
        "parent": undefined,
        "role": "end",
        "shape": "doublecircle",
      },
    ],
  },
  "kind": "state",
}
`;

exports[`sequence boxes group participants and separators match their enclosing nested frame 1`] = `
{
  "ir": {
    "clusters": [
      {
        "id": "sequence-box-0",
        "label": "Team",
        "parent": undefined,
        "style": {
          "fill": "rgb(220,240,255)",
        },
      },
    ],
    "direction": "TB",
    "edges": [],
    "events": [
      {
        "depth": 1,
        "flags": [
          "alt",
          "",
        ],
        "label": "alt outer",
        "type": "frame",
      },
      {
        "depth": 2,
        "flags": [
          "loop",
          "",
        ],
        "label": "loop inner",
        "type": "frame",
      },
      {
        "flags": [
          "->>",
        ],
        "from": "A",
        "label": "work",
        "to": "B",
        "type": "message",
      },
      {
        "depth": 2,
        "label": "",
        "type": "end",
      },
      {
        "depth": 1,
        "label": "else other",
        "type": "separator",
      },
      {
        "flags": [
          "-->>",
        ],
        "from": "B",
        "label": "reply",
        "to": "C",
        "type": "message",
      },
      {
        "depth": 1,
        "label": "",
        "type": "end",
      },
    ],
    "nodes": [
      {
        "id": "A",
        "label": "Alice",
        "parent": "sequence-box-0",
        "shape": "rect",
      },
      {
        "id": "B",
        "label": "Bob",
        "parent": "sequence-box-0",
        "shape": "rect",
      },
      {
        "id": "C",
        "label": "C",
        "parent": undefined,
        "shape": "rect",
      },
    ],
  },
  "kind": "sequence",
}
`;

exports[`sequence boxes group participants and separators match their enclosing nested frame 2`] = `
{
  "accessibilityLabel": "sequence diagram, 3 nodes, 0 edges, 7 events",
  "bounds": {
    "height": 388.76800000000003,
    "width": 444,
    "x": -12,
    "y": 0,
  },
  "kind": "sequence",
  "primitives": [
    {
      "fill": "rgb(220,240,255)",
      "height": 348.76800000000003,
      "semantic": {
        "group": "sequence-frames",
        "id": "sequence-frames",
        "kind": "frame",
        "part": "body",
        "role": "frame",
        "row": 0,
      },
      "shape": "rect",
      "stroke": "clusterStroke",
      "strokeRole": "frame",
      "type": "shape",
      "width": 272,
      "x": 8,
      "y": 20,
    },
    {
      "color": "clusterText",
      "fontSize": 14,
      "height": 19.599999999999998,
      "semantic": {
        "group": "sequence-frames",
        "id": "sequence-frames",
        "kind": "frame",
        "part": "label",
        "role": "frame",
        "row": 0,
      },
      "text": "Team",
      "type": "text",
      "width": 33.6,
      "x": 16,
      "y": 24,
    },
    {
      "fill": "transparent",
      "height": 88.00000000000003,
      "semantic": {
        "group": "sequence-frames",
        "id": "sequence-frames",
        "kind": "frame",
        "part": "body",
        "role": "frame",
        "row": 0,
      },
      "shape": "rect",
      "stroke": "clusterStroke",
      "strokeRole": "frame",
      "type": "shape",
      "width": 304,
      "x": 34,
      "y": 176.768,
    },
    {
      "fill": "transparent",
      "height": 220.00000000000003,
      "semantic": {
        "group": "sequence-frames",
        "id": "sequence-frames",
        "kind": "frame",
        "part": "body",
        "role": "frame",
        "row": 0,
      },
      "shape": "rect",
      "stroke": "clusterStroke",
      "strokeRole": "frame",
      "type": "shape",
      "width": 328,
      "x": 22,
      "y": 132.768,
    },
    {
      "fill": "headerFill",
      "height": 45.168,
      "semantic": {
        "group": "A",
        "id": "A",
        "kind": "node",
        "part": "body",
        "role": "participant",
        "row": -1,
      },
      "shape": "round",
      "stroke": "nodeStroke",
      "strokeRole": "node",
      "type": "shape",
      "width": 104,
      "x": 20,
      "y": 55.599999999999994,
    },
    {
      "color": "headerText",
      "fontSize": 15.120000000000001,
      "fontWeight": 600,
      "height": 21.168,
      "lineRuns": [
        [
          {
            "text": "Alice",
          },
        ],
      ],
      "semantic": {
        "group": "A",
        "id": "A",
        "kind": "node",
        "part": "label",
        "role": "participant",
        "row": -1,
      },
      "text": "Alice",
      "type": "text",
      "width": 45.36000000000001,
      "x": 49.31999999999999,
      "y": 67.6,
    },
    {
      "dash": [
        4,
        5,
      ],
      "points": [
        {
          "x": 72,
          "y": 100.768,
        },
        {
          "x": 72,
          "y": 368.76800000000003,
        },
      ],
      "semantic": {
        "group": "A",
        "id": "lifeline:A",
        "kind": "edge",
        "role": "lifeline",
      },
      "stroke": "clusterStroke",
      "strokeRole": "grid",
      "type": "path",
    },
    {
      "fill": "paletteFill:1",
      "height": 45.168,
      "semantic": {
        "group": "B",
        "id": "B",
        "kind": "node",
        "part": "body",
        "role": "participant",
        "row": -1,
      },
      "shape": "round",
      "stroke": "palette:1",
      "strokeRole": "node",
      "type": "shape",
      "width": 104,
      "x": 164,
      "y": 55.599999999999994,
    },
    {
      "color": "headerText",
      "fontSize": 15.120000000000001,
      "fontWeight": 600,
      "height": 21.168,
      "lineRuns": [
        [
          {
            "text": "Bob",
          },
        ],
      ],
      "semantic": {
        "group": "B",
        "id": "B",
        "kind": "node",
        "part": "label",
        "role": "participant",
        "row": -1,
      },
      "text": "Bob",
      "type": "text",
      "width": 27.216,
      "x": 202.392,
      "y": 67.6,
    },
    {
      "dash": [
        4,
        5,
      ],
      "points": [
        {
          "x": 216,
          "y": 100.768,
        },
        {
          "x": 216,
          "y": 368.76800000000003,
        },
      ],
      "semantic": {
        "group": "B",
        "id": "lifeline:B",
        "kind": "edge",
        "role": "lifeline",
      },
      "stroke": "clusterStroke",
      "strokeRole": "grid",
      "type": "path",
    },
    {
      "fill": "paletteFill:2",
      "height": 45.168,
      "semantic": {
        "group": "C",
        "id": "C",
        "kind": "node",
        "part": "body",
        "role": "participant",
        "row": -1,
      },
      "shape": "round",
      "stroke": "palette:2",
      "strokeRole": "node",
      "type": "shape",
      "width": 104,
      "x": 308,
      "y": 55.599999999999994,
    },
    {
      "color": "headerText",
      "fontSize": 15.120000000000001,
      "fontWeight": 600,
      "height": 21.168,
      "lineRuns": [
        [
          {
            "text": "C",
          },
        ],
      ],
      "semantic": {
        "group": "C",
        "id": "C",
        "kind": "node",
        "part": "label",
        "role": "participant",
        "row": -1,
      },
      "text": "C",
      "type": "text",
      "width": 9.072000000000001,
      "x": 355.464,
      "y": 67.6,
    },
    {
      "dash": [
        4,
        5,
      ],
      "points": [
        {
          "x": 360,
          "y": 100.768,
        },
        {
          "x": 360,
          "y": 368.76800000000003,
        },
      ],
      "semantic": {
        "group": "C",
        "id": "lifeline:C",
        "kind": "edge",
        "role": "lifeline",
      },
      "stroke": "clusterStroke",
      "strokeRole": "grid",
      "type": "path",
    },
    {
      "dash": undefined,
      "end": "arrow",
      "points": [
        {
          "x": 72,
          "y": 256.76800000000003,
        },
        {
          "x": 216,
          "y": 256.76800000000003,
        },
      ],
      "semantic": {
        "from": "A",
        "group": "message:0",
        "id": "message:0",
        "kind": "edge",
        "part": "body",
        "role": "message",
        "row": 0,
        "to": "B",
      },
      "start": "none",
      "strokeRole": "edge",
      "type": "path",
    },
    {
      "color": undefined,
      "fontSize": 14,
      "height": 19.599999999999998,
      "lineRuns": [
        [
          {
            "text": "work",
          },
        ],
      ],
      "semantic": {
        "from": "A",
        "group": "message:0",
        "id": "message:0",
        "kind": "edge",
        "part": "label",
        "role": "message",
        "row": 0,
        "to": "B",
      },
      "text": "work",
      "type": "text",
      "width": 33.6,
      "x": 80,
      "y": 220.768,
    },
    {
      "color": "headerText",
      "fontSize": 15.120000000000001,
      "fontWeight": 600,
      "height": 21.168,
      "lineRuns": [
        [
          {
            "text": "loop inner",
          },
        ],
      ],
      "text": "loop inner",
      "type": "text",
      "width": 90.72000000000001,
      "x": 28,
      "y": 182.768,
    },
    {
      "dash": [
        4,
        5,
      ],
      "points": [
        {
          "x": 22,
          "y": 264.76800000000003,
        },
        {
          "x": 350,
          "y": 264.76800000000003,
        },
      ],
      "strokeRole": "edge",
      "type": "path",
    },
    {
      "color": undefined,
      "fontSize": 14,
      "height": 19.599999999999998,
      "lineRuns": [
        [
          {
            "text": "else other",
          },
        ],
      ],
      "text": "else other",
      "type": "text",
      "width": 84.00000000000001,
      "x": 30,
      "y": 268.76800000000003,
    },
    {
      "dash": [
        5,
        4,
      ],
      "end": "arrow",
      "points": [
        {
          "x": 216,
          "y": 344.76800000000003,
        },
        {
          "x": 360,
          "y": 344.76800000000003,
        },
      ],
      "semantic": {
        "from": "B",
        "group": "message:1",
        "id": "message:1",
        "kind": "edge",
        "part": "body",
        "role": "message",
        "row": 1,
        "to": "C",
      },
      "start": "none",
      "strokeRole": "edge",
      "type": "path",
    },
    {
      "color": undefined,
      "fontSize": 14,
      "height": 19.599999999999998,
      "lineRuns": [
        [
          {
            "text": "reply",
          },
        ],
      ],
      "semantic": {
        "from": "B",
        "group": "message:1",
        "id": "message:1",
        "kind": "edge",
        "part": "label",
        "role": "message",
        "row": 1,
        "to": "C",
      },
      "text": "reply",
      "type": "text",
      "width": 42,
      "x": 224,
      "y": 308.76800000000003,
    },
    {
      "color": "headerText",
      "fontSize": 15.120000000000001,
      "fontWeight": 600,
      "height": 21.168,
      "lineRuns": [
        [
          {
            "text": "alt outer",
          },
        ],
      ],
      "text": "alt outer",
      "type": "text",
      "width": 81.64800000000001,
      "x": 24,
      "y": 138.768,
    },
  ],
}
`;
